// Jest Snapshot v1, https://goo.gl/fbAQLP

exports[`./index.js.flow 1`] = `
"declare function forceType(value: any, type: string): void;

export default forceType;
"
`;
